time="2025-10-23 16:48:34" level=info msg="RPC call succeeded" duration=38.4992ms method=/shortUrl.ShortUrl/GenerateShortUrl
time="2025-10-23 16:49:02" level=info msg="RPC call succeeded" duration=28.4794ms method=/shortUrl.ShortUrl/GenerateIDbMySnowflake
time="2025-10-23 16:51:30" level=info msg="RPC call succeeded" duration=11.1886ms method=/shortUrl.ShortUrl/GenerateIDbMySnowflake
time="2025-10-23 16:52:45" level=info msg="RPC call succeeded" duration=12.3779ms method=/shortUrl.ShortUrl/GenerateShortUrl
time="2025-10-23 16:52:50" level=error msg="RPC call failed" duration=1.4417ms error="failed to parse expiration time" method=/shortUrl.ShortUrl/GenerateShortUrl
time="2025-10-23 16:52:59" level=info msg="RPC call succeeded" duration=37.4786ms method=/shortUrl.ShortUrl/GenerateShortUrl
time="2025-10-23 16:53:51" level=info msg="RPC call succeeded" duration=37.4003ms method=/shortUrl.ShortUrl/GenerateIDbMySnowflake
time="2025-10-23 16:54:10" level=info msg="RPC call succeeded" duration=11.8689ms method=/shortUrl.ShortUrl/GenerateIDbMySnowflake
time="2025-10-23 16:57:24" level=error msg="RPC call failed" duration=25.0197ms error="fail to get original URL" method=/shortUrl.ShortUrl/HandleShort
time="2025-10-23 16:58:48" level=error msg="RPC call failed" duration=13.5414ms error="fail to get original URL" method=/shortUrl.ShortUrl/HandleShort
time="2025-10-23 17:00:13" level=error msg="RPC call failed" duration=14.5234ms error="fail to get original URL" method=/shortUrl.ShortUrl/HandleShort
time="2025-10-23 17:00:57" level=info msg="RPC call succeeded" duration=34.6393ms method=/shortUrl.ShortUrl/GenerateShortUrl
time="2025-10-23 17:01:19" level=info msg="RPC call succeeded" duration=22.5142ms method=/shortUrl.ShortUrl/GenerateIDbMySnowflake
time="2025-10-23 17:16:04" level=info msg="RPC call succeeded" duration=41.488ms method=/shortUrl.ShortUrl/FilterByMyBloomFilter
time="2025-10-23 17:16:24" level=error msg="RPC call failed" duration=4.8886ms error="failed to parse expiration time" method=/shortUrl.ShortUrl/GenerateWithIPLimter
time="2025-10-23 17:16:33" level=info msg="RPC call succeeded" duration=37.5656ms method=/shortUrl.ShortUrl/GenerateWithIPLimter
time="2025-10-23 17:22:19" level=info msg="RPC call succeeded" duration=27.354ms method=/shortUrl.ShortUrl/FilterByMyBloomFilter
time="2025-10-23 17:22:42" level=info msg="RPC call succeeded" duration=36.9225ms method=/shortUrl.ShortUrl/FilterByMyBloomFilter
time="2025-10-23 17:22:48" level=info msg="RPC call succeeded" duration=29.2019ms method=/shortUrl.ShortUrl/FilterByMyBloomFilter
time="2025-10-23 17:22:51" level=info msg="RPC call succeeded" duration=28.5005ms method=/shortUrl.ShortUrl/FilterByMyBloomFilter
time="2025-10-23 17:22:56" level=info msg="RPC call succeeded" duration=26.7839ms method=/shortUrl.ShortUrl/FilterByMyBloomFilter
time="2025-10-23 17:23:36" level=info msg="RPC call succeeded" duration=15.0695ms method=/shortUrl.ShortUrl/GenerateShortUrl
time="2025-10-23 17:23:39" level=info msg="RPC call succeeded" duration=5.2505ms method=/shortUrl.ShortUrl/GenerateShortUrl
time="2025-10-23 17:23:41" level=info msg="RPC call succeeded" duration=4.5875ms method=/shortUrl.ShortUrl/GenerateShortUrl
time="2025-10-23 17:23:46" level=info msg="RPC call succeeded" duration=5.4ms method=/shortUrl.ShortUrl/GenerateIDbMySnowflake
time="2025-10-23 17:23:48" level=info msg="RPC call succeeded" duration=11.4793ms method=/shortUrl.ShortUrl/GenerateIDbMySnowflake
time="2025-10-23 17:23:50" level=info msg="RPC call succeeded" duration=5.0288ms method=/shortUrl.ShortUrl/GenerateIDbMySnowflake
time="2025-10-23 17:24:53" level=info msg="RPC call succeeded" duration=12.2538ms method=/shortUrl.ShortUrl/GenerateIDbMySnowflake
time="2025-10-23 17:24:56" level=info msg="RPC call succeeded" duration=4.8722ms method=/shortUrl.ShortUrl/GenerateIDbMySnowflake
time="2025-10-23 17:24:57" level=info msg="RPC call succeeded" duration=4.7938ms method=/shortUrl.ShortUrl/GenerateIDbMySnowflake
time="2025-10-23 17:24:59" level=info msg="RPC call succeeded" duration=5.7551ms method=/shortUrl.ShortUrl/GenerateIDbMySnowflake
time="2025-10-23 17:25:00" level=info msg="RPC call succeeded" duration=5.1451ms method=/shortUrl.ShortUrl/GenerateIDbMySnowflake
time="2025-10-23 17:25:01" level=info msg="RPC call succeeded" duration=9.375ms method=/shortUrl.ShortUrl/GenerateIDbMySnowflake
time="2025-10-23 17:25:19" level=info msg="RPC call succeeded" duration=40.4816ms method=/shortUrl.ShortUrl/GenerateIDbMySnowflake
time="2025-10-23 17:25:21" level=info msg="RPC call succeeded" duration=5.4095ms method=/shortUrl.ShortUrl/GenerateIDbMySnowflake
time="2025-10-23 17:25:23" level=info msg="RPC call succeeded" duration=5.8028ms method=/shortUrl.ShortUrl/GenerateIDbMySnowflake
time="2025-10-23 17:25:24" level=info msg="RPC call succeeded" duration=4.9046ms method=/shortUrl.ShortUrl/GenerateIDbMySnowflake
time="2025-10-23 17:25:26" level=info msg="RPC call succeeded" duration=4.2907ms method=/shortUrl.ShortUrl/GenerateIDbMySnowflake
time="2025-10-23 17:26:30" level=error msg="RPC call failed" duration=15.0251ms error="fail to get original URL" method=/shortUrl.ShortUrl/HandleShort
time="2025-10-23 17:27:14" level=info msg="RPC call succeeded" duration=41.3205ms method=/shortUrl.ShortUrl/FilterByMyBloomFilter
time="2025-10-23 17:27:17" level=info msg="RPC call succeeded" duration=29.3913ms method=/shortUrl.ShortUrl/FilterByMyBloomFilter
time="2025-10-23 17:27:23" level=info msg="RPC call succeeded" duration=29.5844ms method=/shortUrl.ShortUrl/FilterByMyBloomFilter
time="2025-10-23 17:27:27" level=info msg="RPC call succeeded" duration=22.0757ms method=/shortUrl.ShortUrl/FilterByMyBloomFilter
time="2025-10-23 17:30:53" level=info msg="RPC call succeeded" duration=45.813ms method=/shortUrl.ShortUrl/GenerateWithIPLimter
time="2025-10-23 17:31:21" level=info msg="RPC call succeeded" duration=12.1442ms method=/shortUrl.ShortUrl/HandleShort
time="2025-10-23 17:31:21" level=info msg="RPC call succeeded" duration=10.4295ms method=/shortUrl.ShortUrl/HandleShort
time="2025-10-23 17:31:21" level=info msg="RPC call succeeded" duration=5.0712ms method=/shortUrl.ShortUrl/HandleShort
time="2025-10-23 17:31:21" level=info msg="RPC call succeeded" duration=4.5593ms method=/shortUrl.ShortUrl/HandleShort
time="2025-10-23 17:31:21" level=info msg="RPC call succeeded" duration=5.6408ms method=/shortUrl.ShortUrl/HandleShort
time="2025-10-23 17:31:21" level=info msg="RPC call succeeded" duration=5.0562ms method=/shortUrl.ShortUrl/HandleShort
time="2025-10-23 17:31:21" level=info msg="RPC call succeeded" duration=4.9536ms method=/shortUrl.ShortUrl/HandleShort
time="2025-10-23 17:31:21" level=info msg="RPC call succeeded" duration=5.0659ms method=/shortUrl.ShortUrl/HandleShort
time="2025-10-23 17:31:21" level=info msg="RPC call succeeded" duration=4.8009ms method=/shortUrl.ShortUrl/HandleShort
time="2025-10-23 17:31:21" level=info msg="RPC call succeeded" duration=4.599ms method=/shortUrl.ShortUrl/HandleShort
time="2025-10-23 17:31:21" level=info msg="RPC call succeeded" duration=3.7558ms method=/shortUrl.ShortUrl/HandleShort
time="2025-10-23 17:31:54" level=info msg="RPC call succeeded" duration=10.1682ms method=/shortUrl.ShortUrl/HandleShort
time="2025-10-23 17:31:54" level=info msg="RPC call succeeded" duration=4.6752ms method=/shortUrl.ShortUrl/HandleShort
time="2025-10-23 17:31:54" level=info msg="RPC call succeeded" duration=4.9838ms method=/shortUrl.ShortUrl/HandleShort
time="2025-10-23 17:31:54" level=info msg="RPC call succeeded" duration=5.1169ms method=/shortUrl.ShortUrl/HandleShort
time="2025-10-23 17:31:54" level=info msg="RPC call succeeded" duration=4.9567ms method=/shortUrl.ShortUrl/HandleShort
time="2025-10-23 17:31:54" level=info msg="RPC call succeeded" duration=4.9592ms method=/shortUrl.ShortUrl/HandleShort
time="2025-10-23 17:31:54" level=info msg="RPC call succeeded" duration=4.6038ms method=/shortUrl.ShortUrl/HandleShort
time="2025-10-23 17:31:54" level=info msg="RPC call succeeded" duration=4.7376ms method=/shortUrl.ShortUrl/HandleShort
time="2025-10-23 17:31:54" level=info msg="RPC call succeeded" duration=4.6572ms method=/shortUrl.ShortUrl/HandleShort
time="2025-10-23 17:31:54" level=info msg="RPC call succeeded" duration=5.6866ms method=/shortUrl.ShortUrl/HandleShort
time="2025-10-23 17:31:54" level=info msg="RPC call succeeded" duration=4.9516ms method=/shortUrl.ShortUrl/HandleShort
time="2025-10-23 17:32:22" level=info msg="RPC call succeeded" duration=38.4566ms method=/shortUrl.ShortUrl/GenerateWithIPLimter
time="2025-10-23 17:32:30" level=info msg="RPC call succeeded" duration=4.3715ms method=/shortUrl.ShortUrl/HandleShort
time="2025-10-23 17:32:30" level=info msg="RPC call succeeded" duration=9.2991ms method=/shortUrl.ShortUrl/HandleShort
time="2025-10-23 17:32:30" level=info msg="RPC call succeeded" duration=4.3761ms method=/shortUrl.ShortUrl/HandleShort
time="2025-10-23 17:32:30" level=info msg="RPC call succeeded" duration=6.6859ms method=/shortUrl.ShortUrl/HandleShort
time="2025-10-23 17:32:30" level=info msg="RPC call succeeded" duration=5.4292ms method=/shortUrl.ShortUrl/HandleShort
time="2025-10-23 17:32:30" level=info msg="RPC call succeeded" duration=4.4885ms method=/shortUrl.ShortUrl/HandleShort
time="2025-10-23 17:32:30" level=info msg="RPC call succeeded" duration=5.0598ms method=/shortUrl.ShortUrl/HandleShort
time="2025-10-23 17:32:30" level=info msg="RPC call succeeded" duration=5.3542ms method=/shortUrl.ShortUrl/HandleShort
time="2025-10-23 17:32:30" level=info msg="RPC call succeeded" duration=4.3425ms method=/shortUrl.ShortUrl/HandleShort
time="2025-10-23 17:32:30" level=info msg="RPC call succeeded" duration=4.4051ms method=/shortUrl.ShortUrl/HandleShort
time="2025-10-23 17:32:30" level=info msg="RPC call succeeded" duration=4.9228ms method=/shortUrl.ShortUrl/HandleShort
time="2025-10-23 17:33:20" level=info msg="RPC call succeeded" duration=14.2179ms method=/shortUrl.ShortUrl/HandleShort
time="2025-10-23 17:33:20" level=info msg="RPC call succeeded" duration=5.0306ms method=/shortUrl.ShortUrl/HandleShort
time="2025-10-23 17:33:20" level=info msg="RPC call succeeded" duration=4.3053ms method=/shortUrl.ShortUrl/HandleShort
time="2025-10-23 17:33:20" level=info msg="RPC call succeeded" duration=6.0741ms method=/shortUrl.ShortUrl/HandleShort
time="2025-10-23 17:33:20" level=info msg="RPC call succeeded" duration=5.0187ms method=/shortUrl.ShortUrl/HandleShort
time="2025-10-23 17:33:20" level=info msg="RPC call succeeded" duration=6.1813ms method=/shortUrl.ShortUrl/HandleShort
time="2025-10-23 17:33:20" level=info msg="RPC call succeeded" duration=4.794ms method=/shortUrl.ShortUrl/HandleShort
time="2025-10-23 17:33:20" level=info msg="RPC call succeeded" duration=5.729ms method=/shortUrl.ShortUrl/HandleShort
time="2025-10-23 17:33:20" level=info msg="RPC call succeeded" duration=5.7852ms method=/shortUrl.ShortUrl/HandleShort
time="2025-10-23 17:33:20" level=info msg="RPC call succeeded" duration=4.986ms method=/shortUrl.ShortUrl/HandleShort
time="2025-10-23 17:33:20" level=info msg="RPC call succeeded" duration=4.5964ms method=/shortUrl.ShortUrl/HandleShort
time="2025-10-23 17:33:44" level=info msg="RPC call succeeded" duration=12.0239ms method=/shortUrl.ShortUrl/HandleShort
time="2025-10-23 17:33:44" level=info msg="RPC call succeeded" duration=4.5678ms method=/shortUrl.ShortUrl/HandleShort
time="2025-10-23 17:33:44" level=info msg="RPC call succeeded" duration=6.4157ms method=/shortUrl.ShortUrl/HandleShort
time="2025-10-23 17:33:44" level=info msg="RPC call succeeded" duration=5.5225ms method=/shortUrl.ShortUrl/HandleShort
time="2025-10-23 17:33:44" level=info msg="RPC call succeeded" duration=5.2413ms method=/shortUrl.ShortUrl/HandleShort
time="2025-10-23 17:33:44" level=info msg="RPC call succeeded" duration=6.1921ms method=/shortUrl.ShortUrl/HandleShort
time="2025-10-23 17:33:44" level=info msg="RPC call succeeded" duration=4.4861ms method=/shortUrl.ShortUrl/HandleShort
time="2025-10-23 17:33:44" level=info msg="RPC call succeeded" duration=5.3106ms method=/shortUrl.ShortUrl/HandleShort
time="2025-10-23 17:33:44" level=info msg="RPC call succeeded" duration=4.7665ms method=/shortUrl.ShortUrl/HandleShort
time="2025-10-23 17:33:44" level=info msg="RPC call succeeded" duration=4.4342ms method=/shortUrl.ShortUrl/HandleShort
time="2025-10-23 17:33:44" level=info msg="RPC call succeeded" duration=4.6055ms method=/shortUrl.ShortUrl/HandleShort
time="2025-10-23 17:34:07" level=info msg="RPC call succeeded" duration=45.6423ms method=/shortUrl.ShortUrl/GenerateShortUrl
time="2025-10-23 17:34:14" level=info msg="RPC call succeeded" duration=5.143ms method=/shortUrl.ShortUrl/HandleShort
time="2025-10-23 17:34:32" level=info msg="RPC call succeeded" duration=37.5553ms method=/shortUrl.ShortUrl/FilterByMyBloomFilter
time="2025-10-23 17:34:39" level=info msg="RPC call succeeded" duration=4.938ms method=/shortUrl.ShortUrl/HandleShort
time="2025-10-23 17:34:39" level=info msg="RPC call succeeded" duration=8.558ms method=/shortUrl.ShortUrl/HandleShort
time="2025-10-23 17:34:39" level=info msg="RPC call succeeded" duration=4.4784ms method=/shortUrl.ShortUrl/HandleShort
time="2025-10-23 17:34:39" level=info msg="RPC call succeeded" duration=5.7127ms method=/shortUrl.ShortUrl/HandleShort
time="2025-10-23 17:34:39" level=info msg="RPC call succeeded" duration=4.4453ms method=/shortUrl.ShortUrl/HandleShort
time="2025-10-23 17:34:39" level=info msg="RPC call succeeded" duration=4.9125ms method=/shortUrl.ShortUrl/HandleShort
time="2025-10-23 17:34:39" level=info msg="RPC call succeeded" duration=5.0196ms method=/shortUrl.ShortUrl/HandleShort
time="2025-10-23 17:34:39" level=info msg="RPC call succeeded" duration=5.1743ms method=/shortUrl.ShortUrl/HandleShort
time="2025-10-23 17:34:39" level=info msg="RPC call succeeded" duration=5.1614ms method=/shortUrl.ShortUrl/HandleShort
time="2025-10-23 17:34:39" level=info msg="RPC call succeeded" duration=3.7951ms method=/shortUrl.ShortUrl/HandleShort
time="2025-10-23 17:34:39" level=info msg="RPC call succeeded" duration=3.8812ms method=/shortUrl.ShortUrl/HandleShort
time="2025-10-23 17:35:15" level=info msg="RPC call succeeded" duration=27.8289ms method=/shortUrl.ShortUrl/FilterByMyBloomFilter
time="2025-10-23 17:35:23" level=info msg="RPC call succeeded" duration=4.1107ms method=/shortUrl.ShortUrl/HandleShort
time="2025-10-23 17:35:23" level=info msg="RPC call succeeded" duration=4.3675ms method=/shortUrl.ShortUrl/HandleShort
time="2025-10-23 17:35:23" level=info msg="RPC call succeeded" duration=4.9709ms method=/shortUrl.ShortUrl/HandleShort
time="2025-10-23 17:35:23" level=info msg="RPC call succeeded" duration=5.7122ms method=/shortUrl.ShortUrl/HandleShort
time="2025-10-23 17:35:23" level=info msg="RPC call succeeded" duration=4.3463ms method=/shortUrl.ShortUrl/HandleShort
time="2025-10-23 17:35:23" level=info msg="RPC call succeeded" duration=4.4454ms method=/shortUrl.ShortUrl/HandleShort
time="2025-10-23 17:35:23" level=info msg="RPC call succeeded" duration=5.3444ms method=/shortUrl.ShortUrl/HandleShort
time="2025-10-23 17:35:23" level=info msg="RPC call succeeded" duration=4.6294ms method=/shortUrl.ShortUrl/HandleShort
time="2025-10-23 17:35:23" level=info msg="RPC call succeeded" duration=5.235ms method=/shortUrl.ShortUrl/HandleShort
time="2025-10-23 17:35:23" level=info msg="RPC call succeeded" duration=4.4333ms method=/shortUrl.ShortUrl/HandleShort
time="2025-10-23 17:35:23" level=info msg="RPC call succeeded" duration=5.0294ms method=/shortUrl.ShortUrl/HandleShort
time="2025-10-23 17:35:46" level=info msg="RPC call succeeded" duration=22.4603ms method=/shortUrl.ShortUrl/FilterByMyBloomFilter
time="2025-10-23 17:35:48" level=info msg="RPC call succeeded" duration=19.0201ms method=/shortUrl.ShortUrl/FilterByMyBloomFilter
time="2025-10-23 17:36:18" level=info msg="RPC call succeeded" duration=40.2253ms method=/shortUrl.ShortUrl/GenerateWithIPLimter
time="2025-10-23 17:36:20" level=info msg="RPC call succeeded" duration=5.5001ms method=/shortUrl.ShortUrl/GenerateWithIPLimter
time="2025-10-23 17:36:40" level=info msg="RPC call succeeded" duration=14.6645ms method=/shortUrl.ShortUrl/GenerateWithIPLimter
time="2025-10-23 17:41:04" level=info msg="RPC call succeeded" duration=12.7885ms method=/shortUrl.ShortUrl/GenerateWithIPLimter
time="2025-10-23 17:41:08" level=error msg="RPC call failed" duration=0s error="rate limit exceeded" method=/shortUrl.ShortUrl/GenerateWithIPLimter
time="2025-10-23 17:41:13" level=error msg="RPC call failed" duration=0s error="rate limit exceeded" method=/shortUrl.ShortUrl/GenerateWithIPLimter
time="2025-10-23 17:41:50" level=info msg="RPC call succeeded" duration=26.6859ms method=/shortUrl.ShortUrl/GenerateWithIPLimter
time="2025-10-23 17:42:00" level=info msg="RPC call succeeded" duration=30.0899ms method=/shortUrl.ShortUrl/GenerateShortUrl
time="2025-10-23 17:42:02" level=info msg="RPC call succeeded" duration=13.0283ms method=/shortUrl.ShortUrl/GenerateShortUrl
time="2025-10-23 17:42:03" level=info msg="RPC call succeeded" duration=5.2828ms method=/shortUrl.ShortUrl/GenerateShortUrl
time="2025-10-23 17:51:26" level=info msg="RPC call succeeded" duration=15.3967ms method=/shortUrl.ShortUrl/GenerateWithIPLimter
time="2025-10-23 17:51:28" level=error msg="RPC call failed" duration=0s error="rate limit exceeded" method=/shortUrl.ShortUrl/GenerateWithIPLimter
time="2025-10-23 17:51:33" level=error msg="RPC call failed" duration=0s error="rate limit exceeded" method=/shortUrl.ShortUrl/GenerateWithIPLimter
time="2025-10-23 17:53:28" level=error msg="RPC call failed" duration=0s error="rate limit exceeded" method=/shortUrl.ShortUrl/GenerateWithIPLimter
time="2025-10-23 17:55:15" level=info msg="RPC call succeeded" duration=6.7124ms method=/shortUrl.ShortUrl/HandleShort
time="2025-10-23 17:55:15" level=info msg="RPC call succeeded" duration=4.3489ms method=/shortUrl.ShortUrl/HandleShort
time="2025-10-23 17:55:15" level=info msg="RPC call succeeded" duration=5.1499ms method=/shortUrl.ShortUrl/HandleShort
time="2025-10-23 17:55:15" level=info msg="RPC call succeeded" duration=4.4437ms method=/shortUrl.ShortUrl/HandleShort
time="2025-10-23 17:55:15" level=info msg="RPC call succeeded" duration=5.2466ms method=/shortUrl.ShortUrl/HandleShort
time="2025-10-23 17:55:15" level=info msg="RPC call succeeded" duration=4.6623ms method=/shortUrl.ShortUrl/HandleShort
time="2025-10-23 17:55:15" level=info msg="RPC call succeeded" duration=4.7901ms method=/shortUrl.ShortUrl/HandleShort
time="2025-10-23 17:55:15" level=info msg="RPC call succeeded" duration=5.2684ms method=/shortUrl.ShortUrl/HandleShort
time="2025-10-23 17:55:15" level=info msg="RPC call succeeded" duration=4.6524ms method=/shortUrl.ShortUrl/HandleShort
time="2025-10-23 17:55:15" level=info msg="RPC call succeeded" duration=4.741ms method=/shortUrl.ShortUrl/HandleShort
time="2025-10-23 17:55:15" level=info msg="RPC call succeeded" duration=5.3042ms method=/shortUrl.ShortUrl/HandleShort
time="2025-10-23 17:55:22" level=info msg="RPC call succeeded" duration=10.1146ms method=/shortUrl.ShortUrl/GenerateWithIPLimter
time="2025-10-23 17:55:24" level=info msg="RPC call succeeded" duration=0s method=/shortUrl.ShortUrl/GenerateWithIPLimter
time="2025-10-23 17:55:26" level=info msg="RPC call succeeded" duration=0s method=/shortUrl.ShortUrl/GenerateWithIPLimter
time="2025-10-23 18:06:36" level=info msg="RPC call succeeded" duration=30.2719ms method=/shortUrl.ShortUrl/FilterByMyBloomFilter
time="2025-10-23 18:06:38" level=info msg="RPC call succeeded" duration=4.2844ms method=/shortUrl.ShortUrl/FilterByMyBloomFilter
time="2025-10-23 18:06:40" level=info msg="RPC call succeeded" duration=3.4749ms method=/shortUrl.ShortUrl/FilterByMyBloomFilter
time="2025-10-23 18:06:42" level=info msg="RPC call succeeded" duration=3.5792ms method=/shortUrl.ShortUrl/FilterByMyBloomFilter
time="2025-10-23 18:06:59" level=info msg="RPC call succeeded" duration=12.2371ms method=/shortUrl.ShortUrl/HandleShort
time="2025-10-23 18:06:59" level=info msg="RPC call succeeded" duration=4.5453ms method=/shortUrl.ShortUrl/HandleShort
time="2025-10-23 18:06:59" level=info msg="RPC call succeeded" duration=4.4692ms method=/shortUrl.ShortUrl/HandleShort
time="2025-10-23 18:06:59" level=info msg="RPC call succeeded" duration=5.6506ms method=/shortUrl.ShortUrl/HandleShort
time="2025-10-23 18:06:59" level=info msg="RPC call succeeded" duration=4.4171ms method=/shortUrl.ShortUrl/HandleShort
time="2025-10-23 18:06:59" level=info msg="RPC call succeeded" duration=4.5474ms method=/shortUrl.ShortUrl/HandleShort
time="2025-10-23 18:06:59" level=info msg="RPC call succeeded" duration=4.1615ms method=/shortUrl.ShortUrl/HandleShort
time="2025-10-23 18:06:59" level=info msg="RPC call succeeded" duration=3.9216ms method=/shortUrl.ShortUrl/HandleShort
time="2025-10-23 18:06:59" level=info msg="RPC call succeeded" duration=5.1321ms method=/shortUrl.ShortUrl/HandleShort
time="2025-10-23 18:06:59" level=info msg="RPC call succeeded" duration=5.0517ms method=/shortUrl.ShortUrl/HandleShort
time="2025-10-23 18:06:59" level=info msg="RPC call succeeded" duration=4.3919ms method=/shortUrl.ShortUrl/HandleShort
time="2025-10-23 18:09:34" level=info msg="RPC call succeeded" duration=13.5226ms method=/shortUrl.ShortUrl/GenerateShortUrl
time="2025-10-23 18:09:42" level=info msg="RPC call succeeded" duration=4.5627ms method=/shortUrl.ShortUrl/HandleShort
time="2025-10-23 18:09:42" level=info msg="RPC call succeeded" duration=4.4291ms method=/shortUrl.ShortUrl/HandleShort
time="2025-10-23 18:09:42" level=info msg="RPC call succeeded" duration=4.8979ms method=/shortUrl.ShortUrl/HandleShort
time="2025-10-23 18:09:42" level=info msg="RPC call succeeded" duration=5.2029ms method=/shortUrl.ShortUrl/HandleShort
time="2025-10-23 18:09:42" level=info msg="RPC call succeeded" duration=5.0219ms method=/shortUrl.ShortUrl/HandleShort
time="2025-10-23 18:09:42" level=info msg="RPC call succeeded" duration=3.8722ms method=/shortUrl.ShortUrl/HandleShort
time="2025-10-23 18:09:42" level=info msg="RPC call succeeded" duration=4.5083ms method=/shortUrl.ShortUrl/HandleShort
time="2025-10-23 18:09:42" level=info msg="RPC call succeeded" duration=4.2146ms method=/shortUrl.ShortUrl/HandleShort
time="2025-10-23 18:09:42" level=info msg="RPC call succeeded" duration=5.0719ms method=/shortUrl.ShortUrl/HandleShort
time="2025-10-23 18:09:42" level=info msg="RPC call succeeded" duration=4.5199ms method=/shortUrl.ShortUrl/HandleShort
time="2025-10-23 18:09:42" level=info msg="RPC call succeeded" duration=5.2016ms method=/shortUrl.ShortUrl/HandleShort
time="2025-10-23 18:09:55" level=info msg="RPC call succeeded" duration=10.4753ms method=/shortUrl.ShortUrl/GenerateShortUrl
time="2025-10-23 18:10:11" level=info msg="RPC call succeeded" duration=11.478ms method=/shortUrl.ShortUrl/HandleShort
time="2025-10-23 18:10:11" level=info msg="RPC call succeeded" duration=4.9533ms method=/shortUrl.ShortUrl/HandleShort
time="2025-10-23 18:10:11" level=info msg="RPC call succeeded" duration=4.5335ms method=/shortUrl.ShortUrl/HandleShort
time="2025-10-23 18:10:11" level=info msg="RPC call succeeded" duration=6.1823ms method=/shortUrl.ShortUrl/HandleShort
time="2025-10-23 18:10:11" level=info msg="RPC call succeeded" duration=4.6936ms method=/shortUrl.ShortUrl/HandleShort
time="2025-10-23 18:10:11" level=info msg="RPC call succeeded" duration=5.054ms method=/shortUrl.ShortUrl/HandleShort
time="2025-10-23 18:10:11" level=info msg="RPC call succeeded" duration=4.9947ms method=/shortUrl.ShortUrl/HandleShort
time="2025-10-23 18:10:11" level=info msg="RPC call succeeded" duration=4.7421ms method=/shortUrl.ShortUrl/HandleShort
time="2025-10-23 18:10:11" level=info msg="RPC call succeeded" duration=5.4488ms method=/shortUrl.ShortUrl/HandleShort
time="2025-10-23 18:10:11" level=info msg="RPC call succeeded" duration=4.4811ms method=/shortUrl.ShortUrl/HandleShort
time="2025-10-23 18:10:11" level=info msg="RPC call succeeded" duration=5.0191ms method=/shortUrl.ShortUrl/HandleShort
time="2025-10-23 18:10:50" level=info msg="RPC call succeeded" duration=36.7823ms method=/shortUrl.ShortUrl/GenerateShortUrl
time="2025-10-23 18:11:03" level=info msg="RPC call succeeded" duration=13.9686ms method=/shortUrl.ShortUrl/HandleShort
time="2025-10-23 18:11:25" level=info msg="RPC call succeeded" duration=34.2148ms method=/shortUrl.ShortUrl/FilterByMyBloomFilter
time="2025-10-23 18:11:32" level=info msg="RPC call succeeded" duration=4.844ms method=/shortUrl.ShortUrl/HandleShort
time="2025-10-23 18:11:49" level=info msg="RPC call succeeded" duration=38.7941ms method=/shortUrl.ShortUrl/GenerateWithIPLimter
time="2025-10-23 18:11:57" level=info msg="RPC call succeeded" duration=5.283ms method=/shortUrl.ShortUrl/HandleShort
time="2025-10-23 18:11:57" level=info msg="RPC call succeeded" duration=13.862ms method=/shortUrl.ShortUrl/HandleShort
time="2025-10-23 18:11:57" level=info msg="RPC call succeeded" duration=4.5534ms method=/shortUrl.ShortUrl/HandleShort
time="2025-10-23 18:11:57" level=info msg="RPC call succeeded" duration=5.1598ms method=/shortUrl.ShortUrl/HandleShort
time="2025-10-23 18:11:57" level=info msg="RPC call succeeded" duration=3.8386ms method=/shortUrl.ShortUrl/HandleShort
time="2025-10-23 18:11:57" level=info msg="RPC call succeeded" duration=4.3744ms method=/shortUrl.ShortUrl/HandleShort
time="2025-10-23 18:11:57" level=info msg="RPC call succeeded" duration=4.9554ms method=/shortUrl.ShortUrl/HandleShort
time="2025-10-23 18:11:57" level=info msg="RPC call succeeded" duration=4.3797ms method=/shortUrl.ShortUrl/HandleShort
time="2025-10-23 18:11:57" level=info msg="RPC call succeeded" duration=5.5283ms method=/shortUrl.ShortUrl/HandleShort
time="2025-10-23 18:11:57" level=info msg="RPC call succeeded" duration=4.4426ms method=/shortUrl.ShortUrl/HandleShort
time="2025-10-23 18:11:57" level=info msg="RPC call succeeded" duration=4.9175ms method=/shortUrl.ShortUrl/HandleShort
time="2025-10-23 18:12:04" level=info msg="RPC call succeeded" duration=0s method=/shortUrl.ShortUrl/GenerateWithIPLimter
time="2025-10-23 18:12:37" level=info msg="RPC call succeeded" duration=37.899ms method=/shortUrl.ShortUrl/GenerateIDbMySnowflake
time="2025-10-23 18:12:51" level=info msg="RPC call succeeded" duration=10.7024ms method=/shortUrl.ShortUrl/GenerateIDbMySnowflake
time="2025-10-23 18:13:00" level=info msg="RPC call succeeded" duration=4.3624ms method=/shortUrl.ShortUrl/HandleShort
time="2025-10-23 18:13:51" level=info msg="RPC call succeeded" duration=42.073ms method=/shortUrl.ShortUrl/GenerateWithIPLimter
time="2025-10-23 18:14:00" level=info msg="RPC call succeeded" duration=4.9426ms method=/shortUrl.ShortUrl/HandleShort
time="2025-10-23 18:15:36" level=info msg="RPC call succeeded" duration=50.4306ms method=/shortUrl.ShortUrl/FilterByMyBloomFilter
time="2025-10-23 18:15:38" level=info msg="RPC call succeeded" duration=3.712ms method=/shortUrl.ShortUrl/FilterByMyBloomFilter
time="2025-10-23 18:15:54" level=info msg="RPC call succeeded" duration=13.5189ms method=/shortUrl.ShortUrl/HandleShort
