time="2025-10-27 16:59:34" level=warning msg="Client error" Agent="Apifox/1.0.0 (https://apifox.com)" DataSize=13 HostName=LAPTOP-BJJ1PKI9 Ip="[::1]:56562" Method=POST Path=/users/login SpendTime="12 ms" status=400
time="2025-10-27 17:01:20" level=warning msg="Client error" Agent="Apifox/1.0.0 (https://apifox.com)" DataSize=28 HostName=LAPTOP-BJJ1PKI9 Ip="[::1]:49743" Method=POST Path=/users/register SpendTime="0 ms" status=400
time="2025-10-27 17:01:57" level=warning msg="Client error" Agent="Apifox/1.0.0 (https://apifox.com)" DataSize=28 HostName=LAPTOP-BJJ1PKI9 Ip="[::1]:51110" Method=POST Path=/users/register SpendTime="0 ms" status=400
time="2025-10-27 17:03:00" level=warning msg="Client error" Agent="Apifox/1.0.0 (https://apifox.com)" DataSize=28 HostName=LAPTOP-BJJ1PKI9 Ip="[::1]:52745" Method=POST Path=/users/register SpendTime="0 ms" status=400
time="2025-10-27 17:05:04" level=warning msg="Client error" Agent="Apifox/1.0.0 (https://apifox.com)" DataSize=28 HostName=LAPTOP-BJJ1PKI9 Ip="[::1]:58539" Method=POST Path=/users/register SpendTime="0 ms" status=400
time="2025-10-27 17:05:06" level=warning msg="Client error" Agent="Apifox/1.0.0 (https://apifox.com)" DataSize=28 HostName=LAPTOP-BJJ1PKI9 Ip="[::1]:58547" Method=POST Path=/users/register SpendTime="0 ms" status=400
time="2025-10-27 17:07:20" level=info msg="Request processed" Agent="Apifox/1.0.0 (https://apifox.com)" DataSize=12 HostName=LAPTOP-BJJ1PKI9 Ip="[::1]:64674" Method=POST Path=/users/register SpendTime="166 ms" status=200
time="2025-10-27 17:07:54" level=warning msg="Client error" Agent="Apifox/1.0.0 (https://apifox.com)" DataSize=13 HostName=LAPTOP-BJJ1PKI9 Ip="[::1]:51722" Method=POST Path=/users/login SpendTime="13 ms" status=400
time="2025-10-27 17:08:24" level=warning msg="Client error" Agent="Apifox/1.0.0 (https://apifox.com)" DataSize=13 HostName=LAPTOP-BJJ1PKI9 Ip="[::1]:55697" Method=POST Path=/users/login SpendTime="13 ms" status=400
time="2025-10-27 17:08:54" level=warning msg="Client error" Agent="Apifox/1.0.0 (https://apifox.com)" DataSize=13 HostName=LAPTOP-BJJ1PKI9 Ip="[::1]:49155" Method=POST Path=/users/login SpendTime="14 ms" status=400
time="2025-10-27 17:09:13" level=warning msg="Client error" Agent="Apifox/1.0.0 (https://apifox.com)" DataSize=13 HostName=LAPTOP-BJJ1PKI9 Ip="[::1]:64080" Method=POST Path=/users/login SpendTime="12 ms" status=400
time="2025-10-27 17:12:24" level=warning msg="Client error" Agent="Apifox/1.0.0 (https://apifox.com)" DataSize=13 HostName=LAPTOP-BJJ1PKI9 Ip="[::1]:51701" Method=POST Path=/users/login SpendTime="30 ms" status=400
time="2025-10-27 17:15:54" level=info msg="Request processed" Agent="Apifox/1.0.0 (https://apifox.com)" DataSize=217 HostName=LAPTOP-BJJ1PKI9 Ip="[::1]:51980" Method=POST Path=/users/login SpendTime="120 ms" status=200
time="2025-10-27 17:16:38" level=info msg="Request processed" Agent="Apifox/1.0.0 (https://apifox.com)" DataSize=71 HostName=LAPTOP-BJJ1PKI9 Ip="[::1]:57192" Method=POST Path=/generate SpendTime="220 ms" status=200
time="2025-10-27 17:17:37" level=info msg="Request processed" Agent="Apifox/1.0.0 (https://apifox.com)" DataSize=71 HostName=LAPTOP-BJJ1PKI9 Ip="[::1]:55430" Method=POST Path=/filterbymybloomfilter SpendTime="51 ms" status=200
time="2025-10-27 17:20:10" level=info msg="Request processed" Agent="Apifox/1.0.0 (https://apifox.com)" DataSize=40 HostName=LAPTOP-BJJ1PKI9 Ip="[::1]:54386" Method=GET Path=/HoMwFjcovg SpendTime="72 ms" status=302
time="2025-10-27 17:20:10" level=info msg="Request processed" Agent="Apifox/1.0.0 (https://apifox.com)" DataSize=40 HostName=LAPTOP-BJJ1PKI9 Ip="[::1]:54389" Method=GET Path=/www.bilibili.com SpendTime="26 ms" status=302
time="2025-10-27 17:20:10" level=info msg="Request processed" Agent="Apifox/1.0.0 (https://apifox.com)" DataSize=40 HostName=LAPTOP-BJJ1PKI9 Ip="[::1]:54391" Method=GET Path=/www.bilibili.com SpendTime="7 ms" status=302
time="2025-10-27 17:20:10" level=info msg="Request processed" Agent="Apifox/1.0.0 (https://apifox.com)" DataSize=40 HostName=LAPTOP-BJJ1PKI9 Ip="[::1]:54393" Method=GET Path=/www.bilibili.com SpendTime="8 ms" status=302
time="2025-10-27 17:20:10" level=info msg="Request processed" Agent="Apifox/1.0.0 (https://apifox.com)" DataSize=40 HostName=LAPTOP-BJJ1PKI9 Ip="[::1]:54395" Method=GET Path=/www.bilibili.com SpendTime="6 ms" status=302
time="2025-10-27 17:20:10" level=info msg="Request processed" Agent="Apifox/1.0.0 (https://apifox.com)" DataSize=40 HostName=LAPTOP-BJJ1PKI9 Ip="[::1]:54397" Method=GET Path=/www.bilibili.com SpendTime="6 ms" status=302
time="2025-10-27 17:20:10" level=info msg="Request processed" Agent="Apifox/1.0.0 (https://apifox.com)" DataSize=40 HostName=LAPTOP-BJJ1PKI9 Ip="[::1]:54399" Method=GET Path=/www.bilibili.com SpendTime="6 ms" status=302
time="2025-10-27 17:20:10" level=info msg="Request processed" Agent="Apifox/1.0.0 (https://apifox.com)" DataSize=40 HostName=LAPTOP-BJJ1PKI9 Ip="[::1]:54401" Method=GET Path=/www.bilibili.com SpendTime="6 ms" status=302
time="2025-10-27 17:20:10" level=info msg="Request processed" Agent="Apifox/1.0.0 (https://apifox.com)" DataSize=40 HostName=LAPTOP-BJJ1PKI9 Ip="[::1]:54403" Method=GET Path=/www.bilibili.com SpendTime="6 ms" status=302
time="2025-10-27 17:20:10" level=info msg="Request processed" Agent="Apifox/1.0.0 (https://apifox.com)" DataSize=40 HostName=LAPTOP-BJJ1PKI9 Ip="[::1]:54405" Method=GET Path=/www.bilibili.com SpendTime="6 ms" status=302
time="2025-10-27 17:20:10" level=info msg="Request processed" Agent="Apifox/1.0.0 (https://apifox.com)" DataSize=40 HostName=LAPTOP-BJJ1PKI9 Ip="[::1]:54407" Method=GET Path=/www.bilibili.com SpendTime="6 ms" status=302
time="2025-10-27 17:20:42" level=info msg="Request processed" Agent="Apifox/1.0.0 (https://apifox.com)" DataSize=71 HostName=LAPTOP-BJJ1PKI9 Ip="[::1]:61893" Method=POST Path=/generatebymysnowflake SpendTime="35 ms" status=200
time="2025-10-27 17:20:50" level=info msg="Request processed" Agent="Apifox/1.0.0 (https://apifox.com)" DataSize=68 HostName=LAPTOP-BJJ1PKI9 Ip="[::1]:53895" Method=GET Path=/HoN9u6v7Ee SpendTime="7 ms" status=302
time="2025-10-27 17:21:52" level=info msg="Request processed" Agent="Apifox/1.0.0 (https://apifox.com)" DataSize=71 HostName=LAPTOP-BJJ1PKI9 Ip="[::1]:65375" Method=POST Path=/generatebymysnowflake SpendTime="47 ms" status=200
time="2025-10-27 17:22:03" level=info msg="Request processed" Agent="Apifox/1.0.0 (https://apifox.com)" DataSize=103 HostName=LAPTOP-BJJ1PKI9 Ip="[::1]:65381" Method=GET Path=/HoNF7OtsCO SpendTime="14 ms" status=302
